2023-05-04 10:15:22,807 - C:\Users\李帅兵\PycharmProjects\EdgeFlowⅡ\test\file_path_test.py[line:8] - INFO: test
2023-05-04 13:51:56,358 - C:\Users\李帅兵\PycharmProjects\EdgeFlowⅡ\test\file_path_test.py[line:12] - INFO: test
2023-05-04 13:52:48,165 - C:\Users\李帅兵\PycharmProjects\EdgeFlowⅡ\test\file_path_test.py[line:12] - INFO: test
